[lusion.co/index.html]
[lusion.co/apple-touch-icon.png]
[lusion.co/favicon-32x32.png]
[lusion.co/favicon-16x16.png]
[lusion.co/site.webmanifest]
[backblue.gif]
[fade.gif]
[index.html]
[lusion.co/assets/images/share.png]
[lusion.co/assets/css/index.css]
[lusion.co/about/index.html]
[lusion.co/work/coca-cola-the-soda-experience/index.html]
[lusion.co/work/my-little-storybook/index.html]
[lusion.co/work/google-webxr-experiences/index.html]
[lusion.co/work/gemini/index.html]
[lusion.co/work/the-turn-of-the-screw-trailer/index.html]
[lusion.co/work/maxmara-bearing-gifts/index.html]
[lusion.co/work/kaos-logo-generator/index.html]
[lusion.co/work/open-continents/index.html]
[lusion.co/work/particle-love/index.html]
[lusion.co/work.html]
[lusion.co/contact.html]
[lusion.co/cn/index.html]
[lusion.co/assets/js/TweenLite.js]
[lusion.co/assets/js/three.r128.dev.js]
[lusion.co/assets/js/index.js]
[www.google-analytics.com/analytics.js]
[lusion.co/index.html]
[lusion.co/safari-pinned-tab.svg]
[lusion.co/assets/fonts/GT-Sectra-Fine-Medium.eot]
[lusion.co/assets/fonts/GT-Sectra-Fine-Mediumd41d.eot]
[lusion.co/assets/fonts/GT-Sectra-Fine-Medium.woff2]
[lusion.co/assets/fonts/GT-Sectra-Fine-Medium.woff]
[lusion.co/assets/fonts/GT-Sectra-Fine-Medium.ttf]
[lusion.co/assets/fonts/GT-Sectra-Fine-Book.eot]
[lusion.co/assets/fonts/GT-Sectra-Fine-Bookd41d.eot]
[lusion.co/assets/fonts/GT-Sectra-Fine-Book.woff2]
[lusion.co/assets/fonts/GT-Sectra-Fine-Book.woff]
[lusion.co/assets/fonts/GT-Sectra-Fine-Book.ttf]
[lusion.co/assets/fonts/nb_akademie_medium-webfont.eot]
[lusion.co/assets/fonts/nb_akademie_medium-webfontd41d.eot]
[lusion.co/assets/fonts/nb_akademie_medium-webfont.woff2]
[lusion.co/assets/fonts/nb_akademie_medium-webfont.woff]
[lusion.co/assets/fonts/nb_akademie_medium-webfont.ttf]
[lusion.co/assets/fonts/nb_akademie_light-webfont.eot]
[lusion.co/assets/fonts/nb_akademie_light-webfontd41d.eot]
[lusion.co/assets/fonts/nb_akademie_light-webfont.woff2]
[lusion.co/assets/fonts/nb_akademie_light-webfont.woff]
[lusion.co/assets/fonts/nb_akademie_light-webfont.ttf]
[lusion.co/assets/images/dark.png]
[lusion.co/assets/css/index.css]
[lusion.co/about/index.html]
[lusion.co/assets/work/coca-cola-the-soda-experience/desktop.jpg]
[lusion.co/work/coca-cola-the-soda-experience/index.html]
[lusion.co/assets/work/my-little-storybook/desktop.jpg]
[lusion.co/assets/images/third-party/awwwards.svg]
[lusion.co/assets/images/third-party/fwa.svg]
[lusion.co/work/my-little-storybook/index.html]
[lusion.co/assets/images/third-party/webby.svg]
[lusion.co/assets/work/google-webxr-experiences/desktop.jpg]
[lusion.co/work/google-webxr-experiences/index.html]
[lusion.co/assets/work/gemini/desktop.jpg]
[lusion.co/work/gemini/index.html]
[lusion.co/assets/work/the-turn-of-the-screw-trailer/desktop.jpg]
[lusion.co/work/the-turn-of-the-screw-trailer/index.html]
[lusion.co/assets/work/maxmara-bearing-gifts/desktop.jpg]
[lusion.co/work/maxmara-bearing-gifts/index.html]
[lusion.co/assets/work/kaos-logo-generator/desktop.jpg]
[lusion.co/work/kaos-logo-generator/index.html]
[lusion.co/assets/work/open-continents/desktop.jpg]
[lusion.co/work/open-continents/index.html]
[lusion.co/assets/work/particle-love/desktop.jpg]
[lusion.co/work/particle-love/index.html]
[lusion.co/work.html]
[lusion.co/contact.html]
[lusion.co/cn/about/index.html]
[lusion.co/cn/work/kaos-logo-generator/index.html]
[lusion.co/cn/work/open-continents/index.html]
[lusion.co/cn/work/particle-love/index.html]
[lusion.co/cn/work.html]
[lusion.co/cn/index.html]
[lusion.co/assets/images/third-party/awwwards.svg]
[lusion.co/assets/images/third-party/fwa.svg]
[lusion.co/assets/images/third-party/webby.svg]
[lusion.co/cn/about/index.html]
[lusion.co/cn/work/kaos-logo-generator/index.html]
[lusion.co/cn/work/open-continents/index.html]
[lusion.co/cn/work/particle-love/index.html]
[lusion.co/cn/work.html]
[lusion.co/cn/contact.html]
[lusion.co/cn/contact.html]
